[2023-05-21T16:25:03.119+0200][gc,heap] Heap region size: 1M
[2023-05-21T16:25:03.208+0200][gc     ] Using G1
[2023-05-21T16:25:03.208+0200][gc,heap,coops] Heap address: 0x00000000c0000000, size: 1024 MB, Compressed Oops mode: 32-bit
[2023-05-21T16:25:15.744+0200][gc,start     ] GC(0) Pause Young (Normal) (G1 Evacuation Pause)
[2023-05-21T16:25:15.744+0200][gc,task      ] GC(0) Using 1 workers of 1 for evacuation
[2023-05-21T16:25:15.914+0200][gc,mmu       ] GC(0) MMU target violated: 21,0ms (20,0ms/21,0ms)
[2023-05-21T16:25:15.914+0200][gc,phases    ] GC(0)   Pre Evacuate Collection Set: 0,2ms
[2023-05-21T16:25:15.914+0200][gc,phases    ] GC(0)   Evacuate Collection Set: 132,6ms
[2023-05-21T16:25:15.914+0200][gc,phases    ] GC(0)   Post Evacuate Collection Set: 36,6ms
[2023-05-21T16:25:15.914+0200][gc,phases    ] GC(0)   Other: 1,0ms
[2023-05-21T16:25:15.915+0200][gc,heap      ] GC(0) Eden regions: 51->0(44)
[2023-05-21T16:25:15.915+0200][gc,heap      ] GC(0) Survivor regions: 0->7(7)
[2023-05-21T16:25:15.915+0200][gc,heap      ] GC(0) Old regions: 0->1
[2023-05-21T16:25:15.915+0200][gc,heap      ] GC(0) Humongous regions: 0->0
[2023-05-21T16:25:15.915+0200][gc,metaspace ] GC(0) Metaspace: 17016K(17920K)->17016K(17920K) NonClass: 14973K(15616K)->14973K(15616K) Class: 2042K(2304K)->2042K(2304K)
[2023-05-21T16:25:15.915+0200][gc           ] GC(0) Pause Young (Normal) (G1 Evacuation Pause) 51M->7M(1024M) 170,787ms
[2023-05-21T16:25:15.915+0200][gc,cpu       ] GC(0) User=0,06s Sys=0,01s Real=0,17s
[2023-05-21T16:25:19.214+0200][gc,start     ] GC(1) Pause Young (Concurrent Start) (Metadata GC Threshold)
[2023-05-21T16:25:19.214+0200][gc,task      ] GC(1) Using 1 workers of 1 for evacuation
[2023-05-21T16:25:19.380+0200][gc,mmu       ] GC(1) MMU target violated: 21,0ms (20,0ms/21,0ms)
[2023-05-21T16:25:19.380+0200][gc,phases    ] GC(1)   Pre Evacuate Collection Set: 0,2ms
[2023-05-21T16:25:19.380+0200][gc,phases    ] GC(1)   Evacuate Collection Set: 163,4ms
[2023-05-21T16:25:19.380+0200][gc,phases    ] GC(1)   Post Evacuate Collection Set: 1,0ms
[2023-05-21T16:25:19.380+0200][gc,phases    ] GC(1)   Other: 1,2ms
[2023-05-21T16:25:19.380+0200][gc,heap      ] GC(1) Eden regions: 16->0(50)
[2023-05-21T16:25:19.380+0200][gc,heap      ] GC(1) Survivor regions: 7->1(7)
[2023-05-21T16:25:19.380+0200][gc,heap      ] GC(1) Old regions: 1->8
[2023-05-21T16:25:19.380+0200][gc,heap      ] GC(1) Humongous regions: 0->0
[2023-05-21T16:25:19.380+0200][gc,metaspace ] GC(1) Metaspace: 20535K(21248K)->20535K(21248K) NonClass: 18051K(18432K)->18051K(18432K) Class: 2484K(2816K)->2484K(2816K)
[2023-05-21T16:25:19.380+0200][gc           ] GC(1) Pause Young (Concurrent Start) (Metadata GC Threshold) 22M->8M(1024M) 166,062ms
[2023-05-21T16:25:19.380+0200][gc,cpu       ] GC(1) User=0,05s Sys=0,01s Real=0,16s
[2023-05-21T16:25:19.381+0200][gc           ] GC(2) Concurrent Cycle
[2023-05-21T16:25:19.381+0200][gc,marking   ] GC(2) Concurrent Clear Claimed Marks
[2023-05-21T16:25:19.381+0200][gc,marking   ] GC(2) Concurrent Clear Claimed Marks 0,140ms
[2023-05-21T16:25:19.381+0200][gc,marking   ] GC(2) Concurrent Scan Root Regions
[2023-05-21T16:25:19.412+0200][gc,marking   ] GC(2) Concurrent Scan Root Regions 30,966ms
[2023-05-21T16:25:19.412+0200][gc,marking   ] GC(2) Concurrent Mark (16,317s)
[2023-05-21T16:25:19.412+0200][gc,marking   ] GC(2) Concurrent Mark From Roots
[2023-05-21T16:25:19.412+0200][gc,task      ] GC(2) Using 1 workers of 1 for marking
[2023-05-21T16:25:19.605+0200][gc,marking   ] GC(2) Concurrent Mark From Roots 193,102ms
[2023-05-21T16:25:19.605+0200][gc,marking   ] GC(2) Concurrent Preclean
[2023-05-21T16:25:19.606+0200][gc,marking   ] GC(2) Concurrent Preclean 0,267ms
[2023-05-21T16:25:19.606+0200][gc,marking   ] GC(2) Concurrent Mark (16,317s, 16,511s) 193,537ms
[2023-05-21T16:25:19.643+0200][gc,start     ] GC(2) Pause Remark
[2023-05-21T16:25:19.676+0200][gc,stringtable] GC(2) Cleaned string and symbol table, strings: 9087 processed, 14 removed, symbols: 52968 processed, 44 removed
[2023-05-21T16:25:19.698+0200][gc,mmu        ] GC(2) MMU target violated: 21,0ms (20,0ms/21,0ms)
[2023-05-21T16:25:19.698+0200][gc            ] GC(2) Pause Remark 8M->8M(1024M) 54,665ms
[2023-05-21T16:25:19.698+0200][gc,cpu        ] GC(2) User=0,02s Sys=0,00s Real=0,05s
[2023-05-21T16:25:19.708+0200][gc,marking    ] GC(2) Concurrent Rebuild Remembered Sets
[2023-05-21T16:25:19.817+0200][gc,marking    ] GC(2) Concurrent Rebuild Remembered Sets 108,316ms
[2023-05-21T16:25:19.817+0200][gc,start      ] GC(2) Pause Cleanup
[2023-05-21T16:25:19.818+0200][gc            ] GC(2) Pause Cleanup 9M->9M(1024M) 0,913ms
[2023-05-21T16:25:19.818+0200][gc,cpu        ] GC(2) User=0,00s Sys=0,00s Real=0,00s
[2023-05-21T16:25:19.818+0200][gc,marking    ] GC(2) Concurrent Cleanup for Next Mark
[2023-05-21T16:25:19.892+0200][gc,marking    ] GC(2) Concurrent Cleanup for Next Mark 74,015ms
[2023-05-21T16:25:19.892+0200][gc            ] GC(2) Concurrent Cycle 511,607ms
[2023-05-21T16:25:35.509+0200][gc,start      ] GC(3) Pause Young (Normal) (G1 Evacuation Pause)
[2023-05-21T16:25:35.510+0200][gc,task       ] GC(3) Using 1 workers of 1 for evacuation
[2023-05-21T16:25:35.798+0200][gc,mmu        ] GC(3) MMU target violated: 21,0ms (20,0ms/21,0ms)
[2023-05-21T16:25:35.798+0200][gc,phases     ] GC(3)   Pre Evacuate Collection Set: 0,2ms
[2023-05-21T16:25:35.798+0200][gc,phases     ] GC(3)   Evacuate Collection Set: 275,4ms
[2023-05-21T16:25:35.798+0200][gc,phases     ] GC(3)   Post Evacuate Collection Set: 12,0ms
[2023-05-21T16:25:35.798+0200][gc,phases     ] GC(3)   Other: 0,7ms
[2023-05-21T16:25:35.798+0200][gc,heap       ] GC(3) Eden regions: 50->0(45)
[2023-05-21T16:25:35.798+0200][gc,heap       ] GC(3) Survivor regions: 1->6(7)
[2023-05-21T16:25:35.798+0200][gc,heap       ] GC(3) Old regions: 8->8
[2023-05-21T16:25:35.798+0200][gc,heap       ] GC(3) Humongous regions: 129->129
[2023-05-21T16:25:35.798+0200][gc,metaspace  ] GC(3) Metaspace: 31846K(33152K)->31846K(33152K) NonClass: 28151K(28928K)->28151K(28928K) Class: 3694K(4224K)->3694K(4224K)
[2023-05-21T16:25:35.798+0200][gc            ] GC(3) Pause Young (Normal) (G1 Evacuation Pause) 187M->141M(1024M) 288,591ms
[2023-05-21T16:25:35.798+0200][gc,cpu        ] GC(3) User=0,06s Sys=0,00s Real=0,29s
[2023-05-21T16:25:37.786+0200][gc,start      ] GC(4) Pause Young (Concurrent Start) (Metadata GC Threshold)
[2023-05-21T16:25:37.786+0200][gc,task       ] GC(4) Using 1 workers of 1 for evacuation
[2023-05-21T16:25:37.986+0200][gc,mmu        ] GC(4) MMU target violated: 21,0ms (20,0ms/21,0ms)
[2023-05-21T16:25:37.986+0200][gc,phases     ] GC(4)   Pre Evacuate Collection Set: 0,3ms
[2023-05-21T16:25:37.986+0200][gc,phases     ] GC(4)   Evacuate Collection Set: 184,0ms
[2023-05-21T16:25:37.986+0200][gc,phases     ] GC(4)   Post Evacuate Collection Set: 14,3ms
[2023-05-21T16:25:37.986+0200][gc,phases     ] GC(4)   Other: 1,2ms
[2023-05-21T16:25:37.986+0200][gc,heap       ] GC(4) Eden regions: 12->0(50)
[2023-05-21T16:25:37.986+0200][gc,heap       ] GC(4) Survivor regions: 6->1(7)
[2023-05-21T16:25:37.986+0200][gc,heap       ] GC(4) Old regions: 8->13
[2023-05-21T16:25:37.986+0200][gc,heap       ] GC(4) Humongous regions: 129->129
[2023-05-21T16:25:37.986+0200][gc,metaspace  ] GC(4) Metaspace: 34292K(35840K)->34292K(35840K) NonClass: 30277K(31232K)->30277K(31232K) Class: 4015K(4608K)->4015K(4608K)
[2023-05-21T16:25:37.986+0200][gc            ] GC(4) Pause Young (Concurrent Start) (Metadata GC Threshold) 153M->142M(1024M) 199,906ms
[2023-05-21T16:25:37.986+0200][gc,cpu        ] GC(4) User=0,06s Sys=0,00s Real=0,20s
[2023-05-21T16:25:37.987+0200][gc            ] GC(5) Concurrent Cycle
[2023-05-21T16:25:37.987+0200][gc,marking    ] GC(5) Concurrent Clear Claimed Marks
[2023-05-21T16:25:37.987+0200][gc,marking    ] GC(5) Concurrent Clear Claimed Marks 0,337ms
[2023-05-21T16:25:37.987+0200][gc,marking    ] GC(5) Concurrent Scan Root Regions
[2023-05-21T16:25:38.008+0200][gc,marking    ] GC(5) Concurrent Scan Root Regions 21,220ms
[2023-05-21T16:25:38.008+0200][gc,marking    ] GC(5) Concurrent Mark (34,914s)
[2023-05-21T16:25:38.008+0200][gc,marking    ] GC(5) Concurrent Mark From Roots
[2023-05-21T16:25:38.008+0200][gc,task       ] GC(5) Using 1 workers of 1 for marking
[2023-05-21T16:25:38.709+0200][gc,marking    ] GC(5) Concurrent Mark From Roots 700,675ms
[2023-05-21T16:25:38.709+0200][gc,marking    ] GC(5) Concurrent Preclean
[2023-05-21T16:25:38.710+0200][gc,marking    ] GC(5) Concurrent Preclean 0,286ms
[2023-05-21T16:25:38.710+0200][gc,marking    ] GC(5) Concurrent Mark (34,914s, 35,615s) 701,216ms
[2023-05-21T16:25:38.898+0200][gc,start      ] GC(5) Pause Remark
[2023-05-21T16:25:38.963+0200][gc,stringtable] GC(5) Cleaned string and symbol table, strings: 14383 processed, 0 removed, symbols: 84834 processed, 15 removed
[2023-05-21T16:25:38.964+0200][gc,mmu        ] GC(5) MMU target violated: 21,0ms (20,0ms/21,0ms)
[2023-05-21T16:25:38.964+0200][gc            ] GC(5) Pause Remark 147M->147M(1024M) 66,074ms
[2023-05-21T16:25:38.964+0200][gc,cpu        ] GC(5) User=0,03s Sys=0,00s Real=0,07s
[2023-05-21T16:25:38.966+0200][gc,marking    ] GC(5) Concurrent Rebuild Remembered Sets
[2023-05-21T16:25:39.239+0200][gc,marking    ] GC(5) Concurrent Rebuild Remembered Sets 273,479ms
[2023-05-21T16:25:39.272+0200][gc,start      ] GC(5) Pause Cleanup
[2023-05-21T16:25:39.273+0200][gc            ] GC(5) Pause Cleanup 147M->147M(1024M) 0,839ms
[2023-05-21T16:25:39.273+0200][gc,cpu        ] GC(5) User=0,00s Sys=0,00s Real=0,01s
[2023-05-21T16:25:39.273+0200][gc,marking    ] GC(5) Concurrent Cleanup for Next Mark
[2023-05-21T16:25:39.354+0200][gc,marking    ] GC(5) Concurrent Cleanup for Next Mark 80,844ms
[2023-05-21T16:25:39.354+0200][gc            ] GC(5) Concurrent Cycle 1367,741ms
[2023-05-21T16:34:09.086+0200][gc,heap,exit  ] Heap
[2023-05-21T16:34:09.086+0200][gc,heap,exit  ]  garbage-first heap   total 1048576K, used 165145K [0x00000000c0000000, 0x0000000100000000)
[2023-05-21T16:34:09.086+0200][gc,heap,exit  ]   region size 1024K, 22 young (22528K), 1 survivors (1024K)
[2023-05-21T16:34:09.086+0200][gc,heap,exit  ]  Metaspace       used 37168K, capacity 38845K, committed 39116K, reserved 1083392K
[2023-05-21T16:34:09.086+0200][gc,heap,exit  ]   class space    used 4555K, capacity 5346K, committed 5376K, reserved 1048576K
