[2023-05-21T17:18:46.385+0200][gc,heap] Heap region size: 1M
[2023-05-21T17:18:46.460+0200][gc     ] Using G1
[2023-05-21T17:18:46.460+0200][gc,heap,coops] Heap address: 0x00000000c0000000, size: 1024 MB, Compressed Oops mode: 32-bit
[2023-05-21T17:18:59.070+0200][gc,start     ] GC(0) Pause Young (Normal) (G1 Evacuation Pause)
[2023-05-21T17:18:59.070+0200][gc,task      ] GC(0) Using 1 workers of 1 for evacuation
[2023-05-21T17:18:59.257+0200][gc,mmu       ] GC(0) MMU target violated: 21,0ms (20,0ms/21,0ms)
[2023-05-21T17:18:59.257+0200][gc,phases    ] GC(0)   Pre Evacuate Collection Set: 0,4ms
[2023-05-21T17:18:59.257+0200][gc,phases    ] GC(0)   Evacuate Collection Set: 163,0ms
[2023-05-21T17:18:59.257+0200][gc,phases    ] GC(0)   Post Evacuate Collection Set: 22,3ms
[2023-05-21T17:18:59.257+0200][gc,phases    ] GC(0)   Other: 1,0ms
[2023-05-21T17:18:59.257+0200][gc,heap      ] GC(0) Eden regions: 51->0(44)
[2023-05-21T17:18:59.257+0200][gc,heap      ] GC(0) Survivor regions: 0->7(7)
[2023-05-21T17:18:59.257+0200][gc,heap      ] GC(0) Old regions: 0->1
[2023-05-21T17:18:59.257+0200][gc,heap      ] GC(0) Humongous regions: 0->0
[2023-05-21T17:18:59.257+0200][gc,metaspace ] GC(0) Metaspace: 16786K(17664K)->16786K(17664K) NonClass: 14762K(15360K)->14762K(15360K) Class: 2024K(2304K)->2024K(2304K)
[2023-05-21T17:18:59.257+0200][gc           ] GC(0) Pause Young (Normal) (G1 Evacuation Pause) 51M->7M(1024M) 187,006ms
[2023-05-21T17:18:59.257+0200][gc,cpu       ] GC(0) User=0,05s Sys=0,02s Real=0,19s
[2023-05-21T17:19:02.829+0200][gc,start     ] GC(1) Pause Young (Concurrent Start) (Metadata GC Threshold)
[2023-05-21T17:19:02.829+0200][gc,task      ] GC(1) Using 1 workers of 1 for evacuation
[2023-05-21T17:19:03.007+0200][gc,mmu       ] GC(1) MMU target violated: 21,0ms (20,0ms/21,0ms)
[2023-05-21T17:19:03.007+0200][gc,phases    ] GC(1)   Pre Evacuate Collection Set: 0,2ms
[2023-05-21T17:19:03.007+0200][gc,phases    ] GC(1)   Evacuate Collection Set: 176,1ms
[2023-05-21T17:19:03.007+0200][gc,phases    ] GC(1)   Post Evacuate Collection Set: 1,8ms
[2023-05-21T17:19:03.008+0200][gc,phases    ] GC(1)   Other: 0,8ms
[2023-05-21T17:19:03.008+0200][gc,heap      ] GC(1) Eden regions: 16->0(50)
[2023-05-21T17:19:03.008+0200][gc,heap      ] GC(1) Survivor regions: 7->1(7)
[2023-05-21T17:19:03.008+0200][gc,heap      ] GC(1) Old regions: 1->8
[2023-05-21T17:19:03.008+0200][gc,heap      ] GC(1) Humongous regions: 0->0
[2023-05-21T17:19:03.008+0200][gc,metaspace ] GC(1) Metaspace: 20540K(21248K)->20540K(21248K) NonClass: 18057K(18432K)->18057K(18432K) Class: 2482K(2816K)->2482K(2816K)
[2023-05-21T17:19:03.008+0200][gc           ] GC(1) Pause Young (Concurrent Start) (Metadata GC Threshold) 23M->8M(1024M) 179,235ms
[2023-05-21T17:19:03.008+0200][gc,cpu       ] GC(1) User=0,05s Sys=0,01s Real=0,18s
[2023-05-21T17:19:03.008+0200][gc           ] GC(2) Concurrent Cycle
[2023-05-21T17:19:03.008+0200][gc,marking   ] GC(2) Concurrent Clear Claimed Marks
[2023-05-21T17:19:03.008+0200][gc,marking   ] GC(2) Concurrent Clear Claimed Marks 0,214ms
[2023-05-21T17:19:03.008+0200][gc,marking   ] GC(2) Concurrent Scan Root Regions
[2023-05-21T17:19:03.024+0200][gc,marking   ] GC(2) Concurrent Scan Root Regions 15,724ms
[2023-05-21T17:19:03.024+0200][gc,marking   ] GC(2) Concurrent Mark (16,664s)
[2023-05-21T17:19:03.024+0200][gc,marking   ] GC(2) Concurrent Mark From Roots
[2023-05-21T17:19:03.024+0200][gc,task      ] GC(2) Using 1 workers of 1 for marking
[2023-05-21T17:19:03.203+0200][gc,marking   ] GC(2) Concurrent Mark From Roots 179,075ms
[2023-05-21T17:19:03.204+0200][gc,marking   ] GC(2) Concurrent Preclean
[2023-05-21T17:19:03.204+0200][gc,marking   ] GC(2) Concurrent Preclean 0,312ms
[2023-05-21T17:19:03.204+0200][gc,marking   ] GC(2) Concurrent Mark (16,664s, 16,844s) 179,657ms
[2023-05-21T17:19:03.204+0200][gc,start     ] GC(2) Pause Remark
[2023-05-21T17:19:03.246+0200][gc,stringtable] GC(2) Cleaned string and symbol table, strings: 9081 processed, 14 removed, symbols: 52954 processed, 44 removed
[2023-05-21T17:19:03.247+0200][gc,mmu        ] GC(2) MMU target violated: 21,0ms (20,0ms/21,0ms)
[2023-05-21T17:19:03.247+0200][gc            ] GC(2) Pause Remark 8M->8M(1024M) 42,581ms
[2023-05-21T17:19:03.247+0200][gc,cpu        ] GC(2) User=0,03s Sys=0,00s Real=0,04s
[2023-05-21T17:19:03.258+0200][gc,marking    ] GC(2) Concurrent Rebuild Remembered Sets
[2023-05-21T17:19:03.327+0200][gc,marking    ] GC(2) Concurrent Rebuild Remembered Sets 69,908ms
[2023-05-21T17:19:03.336+0200][gc,start      ] GC(2) Pause Cleanup
[2023-05-21T17:19:03.337+0200][gc            ] GC(2) Pause Cleanup 9M->9M(1024M) 0,870ms
[2023-05-21T17:19:03.337+0200][gc,cpu        ] GC(2) User=0,00s Sys=0,00s Real=0,00s
[2023-05-21T17:19:03.338+0200][gc,marking    ] GC(2) Concurrent Cleanup for Next Mark
[2023-05-21T17:19:03.419+0200][gc,marking    ] GC(2) Concurrent Cleanup for Next Mark 81,385ms
[2023-05-21T17:19:03.419+0200][gc            ] GC(2) Concurrent Cycle 410,887ms
[2023-05-21T17:19:20.259+0200][gc,start      ] GC(3) Pause Young (Normal) (G1 Evacuation Pause)
[2023-05-21T17:19:20.259+0200][gc,task       ] GC(3) Using 1 workers of 1 for evacuation
[2023-05-21T17:19:20.436+0200][gc,mmu        ] GC(3) MMU target violated: 21,0ms (20,0ms/21,0ms)
[2023-05-21T17:19:20.436+0200][gc,phases     ] GC(3)   Pre Evacuate Collection Set: 0,2ms
[2023-05-21T17:19:20.436+0200][gc,phases     ] GC(3)   Evacuate Collection Set: 150,1ms
[2023-05-21T17:19:20.436+0200][gc,phases     ] GC(3)   Post Evacuate Collection Set: 26,8ms
[2023-05-21T17:19:20.437+0200][gc,phases     ] GC(3)   Other: 0,8ms
[2023-05-21T17:19:20.437+0200][gc,heap       ] GC(3) Eden regions: 50->0(45)
[2023-05-21T17:19:20.437+0200][gc,heap       ] GC(3) Survivor regions: 1->6(7)
[2023-05-21T17:19:20.437+0200][gc,heap       ] GC(3) Old regions: 8->8
[2023-05-21T17:19:20.437+0200][gc,heap       ] GC(3) Humongous regions: 129->129
[2023-05-21T17:19:20.437+0200][gc,metaspace  ] GC(3) Metaspace: 31942K(33152K)->31942K(33152K) NonClass: 28236K(28928K)->28236K(28928K) Class: 3705K(4224K)->3705K(4224K)
[2023-05-21T17:19:20.437+0200][gc            ] GC(3) Pause Young (Normal) (G1 Evacuation Pause) 187M->141M(1024M) 178,084ms
[2023-05-21T17:19:20.437+0200][gc,cpu        ] GC(3) User=0,06s Sys=0,00s Real=0,18s
[2023-05-21T17:19:22.243+0200][gc,start      ] GC(4) Pause Young (Concurrent Start) (Metadata GC Threshold)
[2023-05-21T17:19:22.243+0200][gc,task       ] GC(4) Using 1 workers of 1 for evacuation
[2023-05-21T17:19:22.433+0200][gc,mmu        ] GC(4) MMU target violated: 21,0ms (20,0ms/21,0ms)
[2023-05-21T17:19:22.433+0200][gc,phases     ] GC(4)   Pre Evacuate Collection Set: 0,4ms
[2023-05-21T17:19:22.433+0200][gc,phases     ] GC(4)   Evacuate Collection Set: 165,6ms
[2023-05-21T17:19:22.433+0200][gc,phases     ] GC(4)   Post Evacuate Collection Set: 22,9ms
[2023-05-21T17:19:22.433+0200][gc,phases     ] GC(4)   Other: 1,0ms
[2023-05-21T17:19:22.433+0200][gc,heap       ] GC(4) Eden regions: 11->0(50)
[2023-05-21T17:19:22.433+0200][gc,heap       ] GC(4) Survivor regions: 6->1(7)
[2023-05-21T17:19:22.433+0200][gc,heap       ] GC(4) Old regions: 8->13
[2023-05-21T17:19:22.433+0200][gc,heap       ] GC(4) Humongous regions: 129->129
[2023-05-21T17:19:22.433+0200][gc,metaspace  ] GC(4) Metaspace: 34272K(35840K)->34272K(35840K) NonClass: 30268K(31232K)->30268K(31232K) Class: 4003K(4608K)->4003K(4608K)
[2023-05-21T17:19:22.433+0200][gc            ] GC(4) Pause Young (Concurrent Start) (Metadata GC Threshold) 152M->142M(1024M) 190,126ms
[2023-05-21T17:19:22.433+0200][gc,cpu        ] GC(4) User=0,06s Sys=0,01s Real=0,19s
[2023-05-21T17:19:22.434+0200][gc            ] GC(5) Concurrent Cycle
[2023-05-21T17:19:22.434+0200][gc,marking    ] GC(5) Concurrent Clear Claimed Marks
[2023-05-21T17:19:22.434+0200][gc,marking    ] GC(5) Concurrent Clear Claimed Marks 0,245ms
[2023-05-21T17:19:22.434+0200][gc,marking    ] GC(5) Concurrent Scan Root Regions
[2023-05-21T17:19:22.444+0200][gc,marking    ] GC(5) Concurrent Scan Root Regions 10,046ms
[2023-05-21T17:19:22.444+0200][gc,marking    ] GC(5) Concurrent Mark (36,084s)
[2023-05-21T17:19:22.444+0200][gc,marking    ] GC(5) Concurrent Mark From Roots
[2023-05-21T17:19:22.445+0200][gc,task       ] GC(5) Using 1 workers of 1 for marking
[2023-05-21T17:19:22.779+0200][gc,marking    ] GC(5) Concurrent Mark From Roots 334,141ms
[2023-05-21T17:19:22.779+0200][gc,marking    ] GC(5) Concurrent Preclean
[2023-05-21T17:19:22.779+0200][gc,marking    ] GC(5) Concurrent Preclean 0,393ms
[2023-05-21T17:19:22.779+0200][gc,marking    ] GC(5) Concurrent Mark (36,084s, 36,419s) 334,716ms
[2023-05-21T17:19:22.864+0200][gc,start      ] GC(5) Pause Remark
[2023-05-21T17:19:22.913+0200][gc,stringtable] GC(5) Cleaned string and symbol table, strings: 14337 processed, 0 removed, symbols: 84375 processed, 16 removed
[2023-05-21T17:19:22.925+0200][gc,mmu        ] GC(5) MMU target violated: 21,0ms (20,0ms/21,0ms)
[2023-05-21T17:19:22.925+0200][gc            ] GC(5) Pause Remark 144M->144M(1024M) 61,707ms
[2023-05-21T17:19:22.926+0200][gc,cpu        ] GC(5) User=0,03s Sys=0,00s Real=0,06s
[2023-05-21T17:19:22.928+0200][gc,marking    ] GC(5) Concurrent Rebuild Remembered Sets
[2023-05-21T17:19:23.161+0200][gc,marking    ] GC(5) Concurrent Rebuild Remembered Sets 232,965ms
[2023-05-21T17:19:23.161+0200][gc,start      ] GC(5) Pause Cleanup
[2023-05-21T17:19:23.162+0200][gc            ] GC(5) Pause Cleanup 145M->145M(1024M) 0,815ms
[2023-05-21T17:19:23.162+0200][gc,cpu        ] GC(5) User=0,00s Sys=0,00s Real=0,00s
[2023-05-21T17:19:23.162+0200][gc,marking    ] GC(5) Concurrent Cleanup for Next Mark
[2023-05-21T17:19:23.314+0200][gc,marking    ] GC(5) Concurrent Cleanup for Next Mark 151,985ms
[2023-05-21T17:19:23.314+0200][gc            ] GC(5) Concurrent Cycle 880,591ms
[2023-05-21T17:26:35.617+0200][gc,start      ] GC(6) Pause Young (Normal) (G1 Evacuation Pause)
[2023-05-21T17:26:35.617+0200][gc,task       ] GC(6) Using 1 workers of 1 for evacuation
[2023-05-21T17:26:35.736+0200][gc,mmu        ] GC(6) MMU target violated: 21,0ms (20,0ms/21,0ms)
[2023-05-21T17:26:35.736+0200][gc,phases     ] GC(6)   Pre Evacuate Collection Set: 0,8ms
[2023-05-21T17:26:35.736+0200][gc,phases     ] GC(6)   Evacuate Collection Set: 115,3ms
[2023-05-21T17:26:35.736+0200][gc,phases     ] GC(6)   Post Evacuate Collection Set: 1,5ms
[2023-05-21T17:26:35.736+0200][gc,phases     ] GC(6)   Other: 1,2ms
[2023-05-21T17:26:35.736+0200][gc,heap       ] GC(6) Eden regions: 50->0(47)
[2023-05-21T17:26:35.736+0200][gc,heap       ] GC(6) Survivor regions: 1->4(7)
[2023-05-21T17:26:35.736+0200][gc,heap       ] GC(6) Old regions: 13->13
[2023-05-21T17:26:35.736+0200][gc,heap       ] GC(6) Humongous regions: 129->129
[2023-05-21T17:26:35.736+0200][gc,metaspace  ] GC(6) Metaspace: 41503K(44288K)->41503K(44288K) NonClass: 36129K(37632K)->36129K(37632K) Class: 5373K(6656K)->5373K(6656K)
[2023-05-21T17:26:35.736+0200][gc            ] GC(6) Pause Young (Normal) (G1 Evacuation Pause) 192M->144M(1024M) 119,108ms
[2023-05-21T17:26:35.736+0200][gc,cpu        ] GC(6) User=0,12s Sys=0,00s Real=0,12s
[2023-05-21T17:39:21.576+0200][gc,start      ] GC(7) Pause Young (Normal) (G1 Evacuation Pause)
[2023-05-21T17:39:21.577+0200][gc,task       ] GC(7) Using 1 workers of 1 for evacuation
[2023-05-21T17:39:21.663+0200][gc,mmu        ] GC(7) MMU target violated: 21,0ms (20,0ms/21,0ms)
[2023-05-21T17:39:21.664+0200][gc,phases     ] GC(7)   Pre Evacuate Collection Set: 2,1ms
[2023-05-21T17:39:21.664+0200][gc,phases     ] GC(7)   Evacuate Collection Set: 81,8ms
[2023-05-21T17:39:21.664+0200][gc,phases     ] GC(7)   Post Evacuate Collection Set: 2,4ms
[2023-05-21T17:39:21.664+0200][gc,phases     ] GC(7)   Other: 1,1ms
[2023-05-21T17:39:21.664+0200][gc,heap       ] GC(7) Eden regions: 47->0(46)
[2023-05-21T17:39:21.664+0200][gc,heap       ] GC(7) Survivor regions: 4->5(7)
[2023-05-21T17:39:21.664+0200][gc,heap       ] GC(7) Old regions: 13->13
[2023-05-21T17:39:21.664+0200][gc,heap       ] GC(7) Humongous regions: 129->129
[2023-05-21T17:39:21.664+0200][gc,metaspace  ] GC(7) Metaspace: 43468K(46336K)->43468K(46336K) NonClass: 37913K(39424K)->37913K(39424K) Class: 5554K(6912K)->5554K(6912K)
[2023-05-21T17:39:21.664+0200][gc            ] GC(7) Pause Young (Normal) (G1 Evacuation Pause) 191M->146M(1024M) 87,725ms
[2023-05-21T17:39:21.664+0200][gc,cpu        ] GC(7) User=0,09s Sys=0,00s Real=0,09s
[2023-05-21T17:52:31.573+0200][gc,start      ] GC(8) Pause Young (Normal) (G1 Evacuation Pause)
[2023-05-21T17:52:31.573+0200][gc,task       ] GC(8) Using 1 workers of 1 for evacuation
[2023-05-21T17:52:31.925+0200][gc,mmu        ] GC(8) MMU target violated: 21,0ms (20,0ms/21,0ms)
[2023-05-21T17:52:31.925+0200][gc,phases     ] GC(8)   Pre Evacuate Collection Set: 1,5ms
[2023-05-21T17:52:31.925+0200][gc,phases     ] GC(8)   Evacuate Collection Set: 335,9ms
[2023-05-21T17:52:31.925+0200][gc,phases     ] GC(8)   Post Evacuate Collection Set: 13,1ms
[2023-05-21T17:52:31.926+0200][gc,phases     ] GC(8)   Other: 1,6ms
[2023-05-21T17:52:31.926+0200][gc,heap       ] GC(8) Eden regions: 46->0(49)
[2023-05-21T17:52:31.926+0200][gc,heap       ] GC(8) Survivor regions: 5->2(7)
[2023-05-21T17:52:31.926+0200][gc,heap       ] GC(8) Old regions: 13->16
[2023-05-21T17:52:31.926+0200][gc,heap       ] GC(8) Humongous regions: 129->129
[2023-05-21T17:52:31.926+0200][gc,metaspace  ] GC(8) Metaspace: 43651K(46592K)->43651K(46592K) NonClass: 38096K(39680K)->38096K(39680K) Class: 5554K(6912K)->5554K(6912K)
[2023-05-21T17:52:31.926+0200][gc            ] GC(8) Pause Young (Normal) (G1 Evacuation Pause) 192M->146M(1024M) 352,970ms
[2023-05-21T17:52:31.926+0200][gc,cpu        ] GC(8) User=0,16s Sys=0,15s Real=0,35s
