[2023-05-21T15:52:49.962+0200][gc,heap] Heap region size: 1M
[2023-05-21T15:52:50.047+0200][gc     ] Using G1
[2023-05-21T15:52:50.047+0200][gc,heap,coops] Heap address: 0x00000000c0000000, size: 1024 MB, Compressed Oops mode: 32-bit
[2023-05-21T15:52:59.274+0200][gc,start     ] GC(0) Pause Young (Normal) (G1 Evacuation Pause)
[2023-05-21T15:52:59.274+0200][gc,task      ] GC(0) Using 1 workers of 1 for evacuation
[2023-05-21T15:52:59.390+0200][gc,mmu       ] GC(0) MMU target violated: 21,0ms (20,0ms/21,0ms)
[2023-05-21T15:52:59.390+0200][gc,phases    ] GC(0)   Pre Evacuate Collection Set: 0,2ms
[2023-05-21T15:52:59.390+0200][gc,phases    ] GC(0)   Evacuate Collection Set: 113,3ms
[2023-05-21T15:52:59.390+0200][gc,phases    ] GC(0)   Post Evacuate Collection Set: 1,5ms
[2023-05-21T15:52:59.390+0200][gc,phases    ] GC(0)   Other: 1,5ms
[2023-05-21T15:52:59.390+0200][gc,heap      ] GC(0) Eden regions: 51->0(44)
[2023-05-21T15:52:59.390+0200][gc,heap      ] GC(0) Survivor regions: 0->7(7)
[2023-05-21T15:52:59.390+0200][gc,heap      ] GC(0) Old regions: 0->1
[2023-05-21T15:52:59.390+0200][gc,heap      ] GC(0) Humongous regions: 0->0
[2023-05-21T15:52:59.390+0200][gc,metaspace ] GC(0) Metaspace: 16757K(17664K)->16757K(17664K) NonClass: 14736K(15360K)->14736K(15360K) Class: 2020K(2304K)->2020K(2304K)
[2023-05-21T15:52:59.390+0200][gc           ] GC(0) Pause Young (Normal) (G1 Evacuation Pause) 51M->7M(1024M) 116,674ms
[2023-05-21T15:52:59.390+0200][gc,cpu       ] GC(0) User=0,10s Sys=0,01s Real=0,11s
[2023-05-21T15:53:02.366+0200][gc,start     ] GC(1) Pause Young (Concurrent Start) (Metadata GC Threshold)
[2023-05-21T15:53:02.366+0200][gc,task      ] GC(1) Using 1 workers of 1 for evacuation
[2023-05-21T15:53:02.423+0200][gc,mmu       ] GC(1) MMU target violated: 21,0ms (20,0ms/21,0ms)
[2023-05-21T15:53:02.423+0200][gc,phases    ] GC(1)   Pre Evacuate Collection Set: 0,1ms
[2023-05-21T15:53:02.423+0200][gc,phases    ] GC(1)   Evacuate Collection Set: 55,6ms
[2023-05-21T15:53:02.423+0200][gc,phases    ] GC(1)   Post Evacuate Collection Set: 0,8ms
[2023-05-21T15:53:02.423+0200][gc,phases    ] GC(1)   Other: 0,9ms
[2023-05-21T15:53:02.423+0200][gc,heap      ] GC(1) Eden regions: 16->0(50)
[2023-05-21T15:53:02.423+0200][gc,heap      ] GC(1) Survivor regions: 7->1(7)
[2023-05-21T15:53:02.423+0200][gc,heap      ] GC(1) Old regions: 1->8
[2023-05-21T15:53:02.423+0200][gc,heap      ] GC(1) Humongous regions: 0->0
[2023-05-21T15:53:02.423+0200][gc,metaspace ] GC(1) Metaspace: 20504K(21248K)->20504K(21248K) NonClass: 18019K(18432K)->18019K(18432K) Class: 2484K(2816K)->2484K(2816K)
[2023-05-21T15:53:02.423+0200][gc           ] GC(1) Pause Young (Concurrent Start) (Metadata GC Threshold) 23M->8M(1024M) 57,751ms
[2023-05-21T15:53:02.423+0200][gc,cpu       ] GC(1) User=0,05s Sys=0,00s Real=0,06s
[2023-05-21T15:53:02.424+0200][gc           ] GC(2) Concurrent Cycle
[2023-05-21T15:53:02.424+0200][gc,marking   ] GC(2) Concurrent Clear Claimed Marks
[2023-05-21T15:53:02.424+0200][gc,marking   ] GC(2) Concurrent Clear Claimed Marks 0,155ms
[2023-05-21T15:53:02.424+0200][gc,marking   ] GC(2) Concurrent Scan Root Regions
[2023-05-21T15:53:02.439+0200][gc,marking   ] GC(2) Concurrent Scan Root Regions 14,520ms
[2023-05-21T15:53:02.439+0200][gc,marking   ] GC(2) Concurrent Mark (12,503s)
[2023-05-21T15:53:02.439+0200][gc,marking   ] GC(2) Concurrent Mark From Roots
[2023-05-21T15:53:02.439+0200][gc,task      ] GC(2) Using 1 workers of 1 for marking
[2023-05-21T15:53:02.547+0200][gc,marking   ] GC(2) Concurrent Mark From Roots 108,591ms
[2023-05-21T15:53:02.548+0200][gc,marking   ] GC(2) Concurrent Preclean
[2023-05-21T15:53:02.548+0200][gc,marking   ] GC(2) Concurrent Preclean 0,272ms
[2023-05-21T15:53:02.548+0200][gc,marking   ] GC(2) Concurrent Mark (12,503s, 12,612s) 109,091ms
[2023-05-21T15:53:02.548+0200][gc,start     ] GC(2) Pause Remark
[2023-05-21T15:53:02.562+0200][gc,stringtable] GC(2) Cleaned string and symbol table, strings: 9072 processed, 14 removed, symbols: 52969 processed, 44 removed
[2023-05-21T15:53:02.563+0200][gc            ] GC(2) Pause Remark 8M->8M(1024M) 14,572ms
[2023-05-21T15:53:02.563+0200][gc,cpu        ] GC(2) User=0,01s Sys=0,01s Real=0,02s
[2023-05-21T15:53:02.574+0200][gc,marking    ] GC(2) Concurrent Rebuild Remembered Sets
[2023-05-21T15:53:02.599+0200][gc,marking    ] GC(2) Concurrent Rebuild Remembered Sets 25,561ms
[2023-05-21T15:53:02.600+0200][gc,start      ] GC(2) Pause Cleanup
[2023-05-21T15:53:02.601+0200][gc            ] GC(2) Pause Cleanup 8M->8M(1024M) 0,815ms
[2023-05-21T15:53:02.601+0200][gc,cpu        ] GC(2) User=0,00s Sys=0,00s Real=0,00s
[2023-05-21T15:53:02.601+0200][gc,marking    ] GC(2) Concurrent Cleanup for Next Mark
[2023-05-21T15:53:02.667+0200][gc,marking    ] GC(2) Concurrent Cleanup for Next Mark 65,657ms
[2023-05-21T15:53:02.667+0200][gc            ] GC(2) Concurrent Cycle 242,888ms
[2023-05-21T15:53:09.628+0200][gc,start      ] GC(3) Pause Young (Normal) (G1 Evacuation Pause)
[2023-05-21T15:53:09.628+0200][gc,task       ] GC(3) Using 1 workers of 1 for evacuation
[2023-05-21T15:53:09.770+0200][gc,mmu        ] GC(3) MMU target violated: 21,0ms (20,0ms/21,0ms)
[2023-05-21T15:53:09.770+0200][gc,phases     ] GC(3)   Pre Evacuate Collection Set: 0,3ms
[2023-05-21T15:53:09.770+0200][gc,phases     ] GC(3)   Evacuate Collection Set: 140,1ms
[2023-05-21T15:53:09.770+0200][gc,phases     ] GC(3)   Post Evacuate Collection Set: 1,1ms
[2023-05-21T15:53:09.770+0200][gc,phases     ] GC(3)   Other: 0,8ms
[2023-05-21T15:53:09.770+0200][gc,heap       ] GC(3) Eden regions: 50->0(45)
[2023-05-21T15:53:09.770+0200][gc,heap       ] GC(3) Survivor regions: 1->6(7)
[2023-05-21T15:53:09.771+0200][gc,heap       ] GC(3) Old regions: 8->8
[2023-05-21T15:53:09.771+0200][gc,heap       ] GC(3) Humongous regions: 129->129
[2023-05-21T15:53:09.771+0200][gc,metaspace  ] GC(3) Metaspace: 31858K(33152K)->31858K(33152K) NonClass: 28154K(28928K)->28154K(28928K) Class: 3704K(4224K)->3704K(4224K)
[2023-05-21T15:53:09.771+0200][gc            ] GC(3) Pause Young (Normal) (G1 Evacuation Pause) 187M->141M(1024M) 142,639ms
[2023-05-21T15:53:09.771+0200][gc,cpu        ] GC(3) User=0,06s Sys=0,00s Real=0,14s
[2023-05-21T15:53:11.025+0200][gc,start      ] GC(4) Pause Young (Concurrent Start) (Metadata GC Threshold)
[2023-05-21T15:53:11.025+0200][gc,task       ] GC(4) Using 1 workers of 1 for evacuation
[2023-05-21T15:53:11.142+0200][gc,mmu        ] GC(4) MMU target violated: 21,0ms (20,0ms/21,0ms)
[2023-05-21T15:53:11.142+0200][gc,phases     ] GC(4)   Pre Evacuate Collection Set: 0,2ms
[2023-05-21T15:53:11.142+0200][gc,phases     ] GC(4)   Evacuate Collection Set: 100,1ms
[2023-05-21T15:53:11.142+0200][gc,phases     ] GC(4)   Post Evacuate Collection Set: 15,3ms
[2023-05-21T15:53:11.142+0200][gc,phases     ] GC(4)   Other: 1,2ms
[2023-05-21T15:53:11.142+0200][gc,heap       ] GC(4) Eden regions: 11->0(50)
[2023-05-21T15:53:11.142+0200][gc,heap       ] GC(4) Survivor regions: 6->1(7)
[2023-05-21T15:53:11.142+0200][gc,heap       ] GC(4) Old regions: 8->13
[2023-05-21T15:53:11.142+0200][gc,heap       ] GC(4) Humongous regions: 129->129
[2023-05-21T15:53:11.142+0200][gc,metaspace  ] GC(4) Metaspace: 34215K(35840K)->34215K(35840K) NonClass: 30212K(31232K)->30212K(31232K) Class: 4003K(4608K)->4003K(4608K)
[2023-05-21T15:53:11.142+0200][gc            ] GC(4) Pause Young (Concurrent Start) (Metadata GC Threshold) 152M->142M(1024M) 117,052ms
[2023-05-21T15:53:11.142+0200][gc,cpu        ] GC(4) User=0,06s Sys=0,01s Real=0,11s
[2023-05-21T15:53:11.143+0200][gc            ] GC(5) Concurrent Cycle
[2023-05-21T15:53:11.143+0200][gc,marking    ] GC(5) Concurrent Clear Claimed Marks
[2023-05-21T15:53:11.144+0200][gc,marking    ] GC(5) Concurrent Clear Claimed Marks 0,361ms
[2023-05-21T15:53:11.144+0200][gc,marking    ] GC(5) Concurrent Scan Root Regions
[2023-05-21T15:53:11.190+0200][gc,marking    ] GC(5) Concurrent Scan Root Regions 46,019ms
[2023-05-21T15:53:11.190+0200][gc,marking    ] GC(5) Concurrent Mark (21,254s)
[2023-05-21T15:53:11.190+0200][gc,marking    ] GC(5) Concurrent Mark From Roots
[2023-05-21T15:53:11.190+0200][gc,task       ] GC(5) Using 1 workers of 1 for marking
[2023-05-21T15:53:11.455+0200][gc,marking    ] GC(5) Concurrent Mark From Roots 265,398ms
[2023-05-21T15:53:11.455+0200][gc,marking    ] GC(5) Concurrent Preclean
[2023-05-21T15:53:11.456+0200][gc,marking    ] GC(5) Concurrent Preclean 0,385ms
[2023-05-21T15:53:11.456+0200][gc,marking    ] GC(5) Concurrent Mark (21,254s, 21,520s) 265,982ms
[2023-05-21T15:53:11.521+0200][gc,start      ] GC(5) Pause Remark
[2023-05-21T15:53:11.560+0200][gc,stringtable] GC(5) Cleaned string and symbol table, strings: 14351 processed, 0 removed, symbols: 84374 processed, 15 removed
[2023-05-21T15:53:11.561+0200][gc,mmu        ] GC(5) MMU target violated: 21,0ms (20,0ms/21,0ms)
[2023-05-21T15:53:11.561+0200][gc            ] GC(5) Pause Remark 144M->144M(1024M) 40,811ms
[2023-05-21T15:53:11.562+0200][gc,cpu        ] GC(5) User=0,02s Sys=0,01s Real=0,04s
[2023-05-21T15:53:11.564+0200][gc,marking    ] GC(5) Concurrent Rebuild Remembered Sets
[2023-05-21T15:53:11.737+0200][gc,marking    ] GC(5) Concurrent Rebuild Remembered Sets 172,944ms
[2023-05-21T15:53:11.738+0200][gc,start      ] GC(5) Pause Cleanup
[2023-05-21T15:53:11.738+0200][gc            ] GC(5) Pause Cleanup 145M->145M(1024M) 0,588ms
[2023-05-21T15:53:11.738+0200][gc,cpu        ] GC(5) User=0,00s Sys=0,00s Real=0,00s
[2023-05-21T15:53:11.739+0200][gc,marking    ] GC(5) Concurrent Cleanup for Next Mark
[2023-05-21T15:53:11.798+0200][gc,marking    ] GC(5) Concurrent Cleanup for Next Mark 59,596ms
[2023-05-21T15:53:11.798+0200][gc            ] GC(5) Concurrent Cycle 655,039ms
[2023-05-21T15:55:46.574+0200][gc,heap,exit  ] Heap
[2023-05-21T15:55:46.574+0200][gc,heap,exit  ]  garbage-first heap   total 1048576K, used 163920K [0x00000000c0000000, 0x0000000100000000)
[2023-05-21T15:55:46.574+0200][gc,heap,exit  ]   region size 1024K, 21 young (21504K), 1 survivors (1024K)
[2023-05-21T15:55:46.574+0200][gc,heap,exit  ]  Metaspace       used 37032K, capacity 38717K, committed 38912K, reserved 1083392K
[2023-05-21T15:55:46.574+0200][gc,heap,exit  ]   class space    used 4554K, capacity 5344K, committed 5376K, reserved 1048576K
