[2023-05-21T16:11:39.948+0200][gc,heap] Heap region size: 1M
[2023-05-21T16:11:40.051+0200][gc     ] Using G1
[2023-05-21T16:11:40.052+0200][gc,heap,coops] Heap address: 0x00000000c0000000, size: 1024 MB, Compressed Oops mode: 32-bit
[2023-05-21T16:11:50.320+0200][gc,start     ] GC(0) Pause Young (Normal) (G1 Evacuation Pause)
[2023-05-21T16:11:50.320+0200][gc,task      ] GC(0) Using 1 workers of 1 for evacuation
[2023-05-21T16:11:50.433+0200][gc,mmu       ] GC(0) MMU target violated: 21,0ms (20,0ms/21,0ms)
[2023-05-21T16:11:50.433+0200][gc,phases    ] GC(0)   Pre Evacuate Collection Set: 0,2ms
[2023-05-21T16:11:50.434+0200][gc,phases    ] GC(0)   Evacuate Collection Set: 97,6ms
[2023-05-21T16:11:50.434+0200][gc,phases    ] GC(0)   Post Evacuate Collection Set: 14,9ms
[2023-05-21T16:11:50.434+0200][gc,phases    ] GC(0)   Other: 0,8ms
[2023-05-21T16:11:50.434+0200][gc,heap      ] GC(0) Eden regions: 51->0(44)
[2023-05-21T16:11:50.434+0200][gc,heap      ] GC(0) Survivor regions: 0->7(7)
[2023-05-21T16:11:50.434+0200][gc,heap      ] GC(0) Old regions: 0->4
[2023-05-21T16:11:50.434+0200][gc,heap      ] GC(0) Humongous regions: 0->0
[2023-05-21T16:11:50.434+0200][gc,metaspace ] GC(0) Metaspace: 15322K(16000K)->15322K(16000K) NonClass: 13442K(13824K)->13442K(13824K) Class: 1879K(2176K)->1879K(2176K)
[2023-05-21T16:11:50.434+0200][gc           ] GC(0) Pause Young (Normal) (G1 Evacuation Pause) 51M->10M(1024M) 113,803ms
[2023-05-21T16:11:50.434+0200][gc,cpu       ] GC(0) User=0,05s Sys=0,01s Real=0,12s
[2023-05-21T16:11:53.646+0200][gc,start     ] GC(1) Pause Young (Concurrent Start) (Metadata GC Threshold)
[2023-05-21T16:11:53.646+0200][gc,task      ] GC(1) Using 1 workers of 1 for evacuation
[2023-05-21T16:11:53.725+0200][gc,mmu       ] GC(1) MMU target violated: 21,0ms (20,0ms/21,0ms)
[2023-05-21T16:11:53.725+0200][gc,phases    ] GC(1)   Pre Evacuate Collection Set: 0,2ms
[2023-05-21T16:11:53.725+0200][gc,phases    ] GC(1)   Evacuate Collection Set: 77,5ms
[2023-05-21T16:11:53.725+0200][gc,phases    ] GC(1)   Post Evacuate Collection Set: 0,8ms
[2023-05-21T16:11:53.725+0200][gc,phases    ] GC(1)   Other: 0,9ms
[2023-05-21T16:11:53.725+0200][gc,heap      ] GC(1) Eden regions: 21->0(50)
[2023-05-21T16:11:53.725+0200][gc,heap      ] GC(1) Survivor regions: 7->1(7)
[2023-05-21T16:11:53.725+0200][gc,heap      ] GC(1) Old regions: 4->11
[2023-05-21T16:11:53.725+0200][gc,heap      ] GC(1) Humongous regions: 0->0
[2023-05-21T16:11:53.725+0200][gc,metaspace ] GC(1) Metaspace: 20537K(21248K)->20537K(21248K) NonClass: 18053K(18432K)->18053K(18432K) Class: 2484K(2816K)->2484K(2816K)
[2023-05-21T16:11:53.725+0200][gc           ] GC(1) Pause Young (Concurrent Start) (Metadata GC Threshold) 31M->11M(1024M) 79,723ms
[2023-05-21T16:11:53.725+0200][gc,cpu       ] GC(1) User=0,04s Sys=0,00s Real=0,08s
[2023-05-21T16:11:53.726+0200][gc           ] GC(2) Concurrent Cycle
[2023-05-21T16:11:53.726+0200][gc,marking   ] GC(2) Concurrent Clear Claimed Marks
[2023-05-21T16:11:53.726+0200][gc,marking   ] GC(2) Concurrent Clear Claimed Marks 0,137ms
[2023-05-21T16:11:53.726+0200][gc,marking   ] GC(2) Concurrent Scan Root Regions
[2023-05-21T16:11:53.741+0200][gc,marking   ] GC(2) Concurrent Scan Root Regions 15,124ms
[2023-05-21T16:11:53.741+0200][gc,marking   ] GC(2) Concurrent Mark (13,822s)
[2023-05-21T16:11:53.741+0200][gc,marking   ] GC(2) Concurrent Mark From Roots
[2023-05-21T16:11:53.741+0200][gc,task      ] GC(2) Using 1 workers of 1 for marking
[2023-05-21T16:11:53.893+0200][gc,marking   ] GC(2) Concurrent Mark From Roots 151,826ms
[2023-05-21T16:11:53.893+0200][gc,marking   ] GC(2) Concurrent Preclean
[2023-05-21T16:11:53.894+0200][gc,marking   ] GC(2) Concurrent Preclean 0,359ms
[2023-05-21T16:11:53.894+0200][gc,marking   ] GC(2) Concurrent Mark (13,822s, 13,974s) 152,379ms
[2023-05-21T16:11:53.909+0200][gc,start     ] GC(2) Pause Remark
[2023-05-21T16:11:53.923+0200][gc,stringtable] GC(2) Cleaned string and symbol table, strings: 9076 processed, 13 removed, symbols: 52984 processed, 44 removed
[2023-05-21T16:11:53.926+0200][gc            ] GC(2) Pause Remark 11M->11M(1024M) 17,918ms
[2023-05-21T16:11:53.927+0200][gc,cpu        ] GC(2) User=0,02s Sys=0,00s Real=0,02s
[2023-05-21T16:11:53.937+0200][gc,marking    ] GC(2) Concurrent Rebuild Remembered Sets
[2023-05-21T16:11:54.011+0200][gc,marking    ] GC(2) Concurrent Rebuild Remembered Sets 73,428ms
[2023-05-21T16:11:54.016+0200][gc,start      ] GC(2) Pause Cleanup
[2023-05-21T16:11:54.017+0200][gc            ] GC(2) Pause Cleanup 12M->12M(1024M) 0,894ms
[2023-05-21T16:11:54.017+0200][gc,cpu        ] GC(2) User=0,00s Sys=0,00s Real=0,00s
[2023-05-21T16:11:54.017+0200][gc,marking    ] GC(2) Concurrent Cleanup for Next Mark
[2023-05-21T16:11:54.098+0200][gc,marking    ] GC(2) Concurrent Cleanup for Next Mark 80,229ms
[2023-05-21T16:11:54.098+0200][gc            ] GC(2) Concurrent Cycle 371,887ms
[2023-05-21T16:12:07.660+0200][gc,start      ] GC(3) Pause Young (Normal) (G1 Evacuation Pause)
[2023-05-21T16:12:07.660+0200][gc,task       ] GC(3) Using 1 workers of 1 for evacuation
[2023-05-21T16:12:07.870+0200][gc,mmu        ] GC(3) MMU target violated: 21,0ms (20,0ms/21,0ms)
[2023-05-21T16:12:07.870+0200][gc,phases     ] GC(3)   Pre Evacuate Collection Set: 0,4ms
[2023-05-21T16:12:07.870+0200][gc,phases     ] GC(3)   Evacuate Collection Set: 208,5ms
[2023-05-21T16:12:07.870+0200][gc,phases     ] GC(3)   Post Evacuate Collection Set: 1,0ms
[2023-05-21T16:12:07.870+0200][gc,phases     ] GC(3)   Other: 0,7ms
[2023-05-21T16:12:07.871+0200][gc,heap       ] GC(3) Eden regions: 50->0(45)
[2023-05-21T16:12:07.871+0200][gc,heap       ] GC(3) Survivor regions: 1->6(7)
[2023-05-21T16:12:07.871+0200][gc,heap       ] GC(3) Old regions: 11->11
[2023-05-21T16:12:07.871+0200][gc,heap       ] GC(3) Humongous regions: 129->129
[2023-05-21T16:12:07.871+0200][gc,metaspace  ] GC(3) Metaspace: 31633K(32896K)->31633K(32896K) NonClass: 27969K(28672K)->27969K(28672K) Class: 3663K(4224K)->3663K(4224K)
[2023-05-21T16:12:07.871+0200][gc            ] GC(3) Pause Young (Normal) (G1 Evacuation Pause) 190M->144M(1024M) 210,947ms
[2023-05-21T16:12:07.871+0200][gc,cpu        ] GC(3) User=0,06s Sys=0,00s Real=0,21s
[2023-05-21T16:12:10.126+0200][gc,start      ] GC(4) Pause Young (Concurrent Start) (Metadata GC Threshold)
[2023-05-21T16:12:10.126+0200][gc,task       ] GC(4) Using 1 workers of 1 for evacuation
[2023-05-21T16:12:10.458+0200][gc,mmu        ] GC(4) MMU target violated: 21,0ms (20,0ms/21,0ms)
[2023-05-21T16:12:10.458+0200][gc,phases     ] GC(4)   Pre Evacuate Collection Set: 0,2ms
[2023-05-21T16:12:10.458+0200][gc,phases     ] GC(4)   Evacuate Collection Set: 318,0ms
[2023-05-21T16:12:10.458+0200][gc,phases     ] GC(4)   Post Evacuate Collection Set: 12,8ms
[2023-05-21T16:12:10.458+0200][gc,phases     ] GC(4)   Other: 1,1ms
[2023-05-21T16:12:10.458+0200][gc,heap       ] GC(4) Eden regions: 12->0(50)
[2023-05-21T16:12:10.458+0200][gc,heap       ] GC(4) Survivor regions: 6->1(7)
[2023-05-21T16:12:10.458+0200][gc,heap       ] GC(4) Old regions: 11->16
[2023-05-21T16:12:10.458+0200][gc,heap       ] GC(4) Humongous regions: 129->129
[2023-05-21T16:12:10.459+0200][gc,metaspace  ] GC(4) Metaspace: 34267K(35840K)->34267K(35840K) NonClass: 30256K(31104K)->30256K(31104K) Class: 4010K(4736K)->4010K(4736K)
[2023-05-21T16:12:10.459+0200][gc            ] GC(4) Pause Young (Concurrent Start) (Metadata GC Threshold) 156M->145M(1024M) 332,318ms
[2023-05-21T16:12:10.459+0200][gc,cpu        ] GC(4) User=0,11s Sys=0,01s Real=0,33s
[2023-05-21T16:12:10.459+0200][gc            ] GC(5) Concurrent Cycle
[2023-05-21T16:12:10.459+0200][gc,marking    ] GC(5) Concurrent Clear Claimed Marks
[2023-05-21T16:12:10.460+0200][gc,marking    ] GC(5) Concurrent Clear Claimed Marks 0,244ms
[2023-05-21T16:12:10.460+0200][gc,marking    ] GC(5) Concurrent Scan Root Regions
[2023-05-21T16:12:10.495+0200][gc,marking    ] GC(5) Concurrent Scan Root Regions 35,545ms
[2023-05-21T16:12:10.495+0200][gc,marking    ] GC(5) Concurrent Mark (30,576s)
[2023-05-21T16:12:10.495+0200][gc,marking    ] GC(5) Concurrent Mark From Roots
[2023-05-21T16:12:10.495+0200][gc,task       ] GC(5) Using 1 workers of 1 for marking
[2023-05-21T16:12:10.949+0200][gc,marking    ] GC(5) Concurrent Mark From Roots 453,603ms
[2023-05-21T16:12:10.949+0200][gc,marking    ] GC(5) Concurrent Preclean
[2023-05-21T16:12:10.949+0200][gc,marking    ] GC(5) Concurrent Preclean 0,282ms
[2023-05-21T16:12:10.949+0200][gc,marking    ] GC(5) Concurrent Mark (30,576s, 31,030s) 454,083ms
[2023-05-21T16:12:11.048+0200][gc,start      ] GC(5) Pause Remark
[2023-05-21T16:12:11.081+0200][gc,stringtable] GC(5) Cleaned string and symbol table, strings: 14350 processed, 0 removed, symbols: 84377 processed, 15 removed
[2023-05-21T16:12:11.118+0200][gc,mmu        ] GC(5) MMU target violated: 21,0ms (20,0ms/21,0ms)
[2023-05-21T16:12:11.118+0200][gc            ] GC(5) Pause Remark 148M->148M(1024M) 69,209ms
[2023-05-21T16:12:11.118+0200][gc,cpu        ] GC(5) User=0,03s Sys=0,00s Real=0,07s
[2023-05-21T16:12:11.118+0200][gc,marking    ] GC(5) Concurrent Rebuild Remembered Sets
[2023-05-21T16:12:11.364+0200][gc,marking    ] GC(5) Concurrent Rebuild Remembered Sets 245,549ms
[2023-05-21T16:12:11.403+0200][gc,start      ] GC(5) Pause Cleanup
[2023-05-21T16:12:11.404+0200][gc            ] GC(5) Pause Cleanup 149M->149M(1024M) 0,772ms
[2023-05-21T16:12:11.404+0200][gc,cpu        ] GC(5) User=0,00s Sys=0,00s Real=0,00s
[2023-05-21T16:12:11.404+0200][gc,marking    ] GC(5) Concurrent Cleanup for Next Mark
[2023-05-21T16:12:11.464+0200][gc,marking    ] GC(5) Concurrent Cleanup for Next Mark 60,273ms
[2023-05-21T16:12:11.464+0200][gc            ] GC(5) Concurrent Cycle 1004,937ms
[2023-05-21T16:14:36.273+0200][gc,heap,exit  ] Heap
[2023-05-21T16:14:36.273+0200][gc,heap,exit  ]  garbage-first heap   total 1048576K, used 167424K [0x00000000c0000000, 0x0000000100000000)
[2023-05-21T16:14:36.273+0200][gc,heap,exit  ]   region size 1024K, 21 young (21504K), 1 survivors (1024K)
[2023-05-21T16:14:36.273+0200][gc,heap,exit  ]  Metaspace       used 37070K, capacity 38774K, committed 38912K, reserved 1083392K
[2023-05-21T16:14:36.273+0200][gc,heap,exit  ]   class space    used 4555K, capacity 5345K, committed 5376K, reserved 1048576K
