[2023-05-21T16:39:09.728+0200][gc,heap] Heap region size: 1M
[2023-05-21T16:39:09.807+0200][gc     ] Using G1
[2023-05-21T16:39:09.807+0200][gc,heap,coops] Heap address: 0x00000000c0000000, size: 1024 MB, Compressed Oops mode: 32-bit
[2023-05-21T16:39:18.839+0200][gc,start     ] GC(0) Pause Young (Normal) (G1 Evacuation Pause)
[2023-05-21T16:39:18.839+0200][gc,task      ] GC(0) Using 1 workers of 1 for evacuation
[2023-05-21T16:39:18.950+0200][gc,mmu       ] GC(0) MMU target violated: 21,0ms (20,0ms/21,0ms)
[2023-05-21T16:39:18.950+0200][gc,phases    ] GC(0)   Pre Evacuate Collection Set: 0,2ms
[2023-05-21T16:39:18.950+0200][gc,phases    ] GC(0)   Evacuate Collection Set: 109,0ms
[2023-05-21T16:39:18.950+0200][gc,phases    ] GC(0)   Post Evacuate Collection Set: 1,5ms
[2023-05-21T16:39:18.950+0200][gc,phases    ] GC(0)   Other: 0,9ms
[2023-05-21T16:39:18.950+0200][gc,heap      ] GC(0) Eden regions: 51->0(44)
[2023-05-21T16:39:18.950+0200][gc,heap      ] GC(0) Survivor regions: 0->7(7)
[2023-05-21T16:39:18.950+0200][gc,heap      ] GC(0) Old regions: 0->1
[2023-05-21T16:39:18.950+0200][gc,heap      ] GC(0) Humongous regions: 0->0
[2023-05-21T16:39:18.950+0200][gc,metaspace ] GC(0) Metaspace: 16939K(17664K)->16939K(17664K) NonClass: 14904K(15360K)->14904K(15360K) Class: 2034K(2304K)->2034K(2304K)
[2023-05-21T16:39:18.951+0200][gc           ] GC(0) Pause Young (Normal) (G1 Evacuation Pause) 51M->7M(1024M) 111,980ms
[2023-05-21T16:39:18.951+0200][gc,cpu       ] GC(0) User=0,11s Sys=0,00s Real=0,11s
[2023-05-21T16:39:21.001+0200][gc,start     ] GC(1) Pause Young (Concurrent Start) (Metadata GC Threshold)
[2023-05-21T16:39:21.001+0200][gc,task      ] GC(1) Using 1 workers of 1 for evacuation
[2023-05-21T16:39:21.055+0200][gc,mmu       ] GC(1) MMU target violated: 21,0ms (20,0ms/21,0ms)
[2023-05-21T16:39:21.055+0200][gc,phases    ] GC(1)   Pre Evacuate Collection Set: 0,3ms
[2023-05-21T16:39:21.055+0200][gc,phases    ] GC(1)   Evacuate Collection Set: 51,5ms
[2023-05-21T16:39:21.055+0200][gc,phases    ] GC(1)   Post Evacuate Collection Set: 0,9ms
[2023-05-21T16:39:21.055+0200][gc,phases    ] GC(1)   Other: 0,8ms
[2023-05-21T16:39:21.055+0200][gc,heap      ] GC(1) Eden regions: 16->0(50)
[2023-05-21T16:39:21.055+0200][gc,heap      ] GC(1) Survivor regions: 7->1(7)
[2023-05-21T16:39:21.055+0200][gc,heap      ] GC(1) Old regions: 1->8
[2023-05-21T16:39:21.055+0200][gc,heap      ] GC(1) Humongous regions: 0->0
[2023-05-21T16:39:21.055+0200][gc,metaspace ] GC(1) Metaspace: 20532K(21248K)->20532K(21248K) NonClass: 18049K(18432K)->18049K(18432K) Class: 2482K(2816K)->2482K(2816K)
[2023-05-21T16:39:21.055+0200][gc           ] GC(1) Pause Young (Concurrent Start) (Metadata GC Threshold) 23M->7M(1024M) 53,894ms
[2023-05-21T16:39:21.055+0200][gc,cpu       ] GC(1) User=0,05s Sys=0,00s Real=0,06s
[2023-05-21T16:39:21.059+0200][gc           ] GC(2) Concurrent Cycle
[2023-05-21T16:39:21.059+0200][gc,marking   ] GC(2) Concurrent Clear Claimed Marks
[2023-05-21T16:39:21.060+0200][gc,marking   ] GC(2) Concurrent Clear Claimed Marks 0,205ms
[2023-05-21T16:39:21.060+0200][gc,marking   ] GC(2) Concurrent Scan Root Regions
[2023-05-21T16:39:21.087+0200][gc,marking   ] GC(2) Concurrent Scan Root Regions 27,847ms
[2023-05-21T16:39:21.088+0200][gc,marking   ] GC(2) Concurrent Mark (11,384s)
[2023-05-21T16:39:21.088+0200][gc,marking   ] GC(2) Concurrent Mark From Roots
[2023-05-21T16:39:21.088+0200][gc,task      ] GC(2) Using 1 workers of 1 for marking
[2023-05-21T16:39:21.193+0200][gc,marking   ] GC(2) Concurrent Mark From Roots 105,161ms
[2023-05-21T16:39:21.193+0200][gc,marking   ] GC(2) Concurrent Preclean
[2023-05-21T16:39:21.193+0200][gc,marking   ] GC(2) Concurrent Preclean 0,294ms
[2023-05-21T16:39:21.193+0200][gc,marking   ] GC(2) Concurrent Mark (11,384s, 11,489s) 105,630ms
[2023-05-21T16:39:21.194+0200][gc,start     ] GC(2) Pause Remark
[2023-05-21T16:39:21.207+0200][gc,stringtable] GC(2) Cleaned string and symbol table, strings: 9076 processed, 0 removed, symbols: 52967 processed, 44 removed
[2023-05-21T16:39:21.208+0200][gc            ] GC(2) Pause Remark 8M->8M(1024M) 14,618ms
[2023-05-21T16:39:21.208+0200][gc,cpu        ] GC(2) User=0,01s Sys=0,00s Real=0,01s
[2023-05-21T16:39:21.219+0200][gc,marking    ] GC(2) Concurrent Rebuild Remembered Sets
[2023-05-21T16:39:21.261+0200][gc,marking    ] GC(2) Concurrent Rebuild Remembered Sets 42,267ms
[2023-05-21T16:39:21.262+0200][gc,start      ] GC(2) Pause Cleanup
[2023-05-21T16:39:21.263+0200][gc            ] GC(2) Pause Cleanup 8M->8M(1024M) 0,896ms
[2023-05-21T16:39:21.263+0200][gc,cpu        ] GC(2) User=0,00s Sys=0,00s Real=0,01s
[2023-05-21T16:39:21.263+0200][gc,marking    ] GC(2) Concurrent Cleanup for Next Mark
[2023-05-21T16:39:21.311+0200][gc,marking    ] GC(2) Concurrent Cleanup for Next Mark 47,900ms
[2023-05-21T16:39:21.311+0200][gc            ] GC(2) Concurrent Cycle 251,831ms
[2023-05-21T16:39:27.925+0200][gc,start      ] GC(3) Pause Young (Normal) (G1 Evacuation Pause)
[2023-05-21T16:39:27.925+0200][gc,task       ] GC(3) Using 1 workers of 1 for evacuation
[2023-05-21T16:39:27.984+0200][gc,mmu        ] GC(3) MMU target violated: 21,0ms (20,0ms/21,0ms)
[2023-05-21T16:39:27.984+0200][gc,phases     ] GC(3)   Pre Evacuate Collection Set: 0,3ms
[2023-05-21T16:39:27.984+0200][gc,phases     ] GC(3)   Evacuate Collection Set: 56,8ms
[2023-05-21T16:39:27.984+0200][gc,phases     ] GC(3)   Post Evacuate Collection Set: 0,9ms
[2023-05-21T16:39:27.984+0200][gc,phases     ] GC(3)   Other: 0,9ms
[2023-05-21T16:39:27.984+0200][gc,heap       ] GC(3) Eden regions: 50->0(45)
[2023-05-21T16:39:27.984+0200][gc,heap       ] GC(3) Survivor regions: 1->6(7)
[2023-05-21T16:39:27.984+0200][gc,heap       ] GC(3) Old regions: 8->8
[2023-05-21T16:39:27.984+0200][gc,heap       ] GC(3) Humongous regions: 129->129
[2023-05-21T16:39:27.984+0200][gc,metaspace  ] GC(3) Metaspace: 31843K(33152K)->31843K(33152K) NonClass: 28150K(28928K)->28150K(28928K) Class: 3693K(4224K)->3693K(4224K)
[2023-05-21T16:39:27.984+0200][gc            ] GC(3) Pause Young (Normal) (G1 Evacuation Pause) 186M->141M(1024M) 59,331ms
[2023-05-21T16:39:27.984+0200][gc,cpu        ] GC(3) User=0,06s Sys=0,00s Real=0,06s
[2023-05-21T16:39:29.099+0200][gc,start      ] GC(4) Pause Young (Concurrent Start) (Metadata GC Threshold)
[2023-05-21T16:39:29.099+0200][gc,task       ] GC(4) Using 1 workers of 1 for evacuation
[2023-05-21T16:39:29.202+0200][gc,mmu        ] GC(4) MMU target violated: 21,0ms (20,0ms/21,0ms)
[2023-05-21T16:39:29.202+0200][gc,phases     ] GC(4)   Pre Evacuate Collection Set: 0,2ms
[2023-05-21T16:39:29.202+0200][gc,phases     ] GC(4)   Evacuate Collection Set: 101,3ms
[2023-05-21T16:39:29.202+0200][gc,phases     ] GC(4)   Post Evacuate Collection Set: 0,9ms
[2023-05-21T16:39:29.203+0200][gc,phases     ] GC(4)   Other: 0,9ms
[2023-05-21T16:39:29.203+0200][gc,heap       ] GC(4) Eden regions: 11->0(50)
[2023-05-21T16:39:29.203+0200][gc,heap       ] GC(4) Survivor regions: 6->1(7)
[2023-05-21T16:39:29.203+0200][gc,heap       ] GC(4) Old regions: 8->13
[2023-05-21T16:39:29.203+0200][gc,heap       ] GC(4) Humongous regions: 129->129
[2023-05-21T16:39:29.203+0200][gc,metaspace  ] GC(4) Metaspace: 34250K(35840K)->34250K(35840K) NonClass: 30242K(31232K)->30242K(31232K) Class: 4007K(4608K)->4007K(4608K)
[2023-05-21T16:39:29.203+0200][gc            ] GC(4) Pause Young (Concurrent Start) (Metadata GC Threshold) 152M->142M(1024M) 103,719ms
[2023-05-21T16:39:29.203+0200][gc,cpu        ] GC(4) User=0,10s Sys=0,00s Real=0,11s
[2023-05-21T16:39:29.203+0200][gc            ] GC(5) Concurrent Cycle
[2023-05-21T16:39:29.203+0200][gc,marking    ] GC(5) Concurrent Clear Claimed Marks
[2023-05-21T16:39:29.203+0200][gc,marking    ] GC(5) Concurrent Clear Claimed Marks 0,244ms
[2023-05-21T16:39:29.204+0200][gc,marking    ] GC(5) Concurrent Scan Root Regions
[2023-05-21T16:39:29.238+0200][gc,marking    ] GC(5) Concurrent Scan Root Regions 34,499ms
[2023-05-21T16:39:29.238+0200][gc,marking    ] GC(5) Concurrent Mark (19,534s)
[2023-05-21T16:39:29.238+0200][gc,marking    ] GC(5) Concurrent Mark From Roots
[2023-05-21T16:39:29.238+0200][gc,task       ] GC(5) Using 1 workers of 1 for marking
[2023-05-21T16:39:29.614+0200][gc,marking    ] GC(5) Concurrent Mark From Roots 376,253ms
[2023-05-21T16:39:29.614+0200][gc,marking    ] GC(5) Concurrent Preclean
[2023-05-21T16:39:29.615+0200][gc,marking    ] GC(5) Concurrent Preclean 0,290ms
[2023-05-21T16:39:29.615+0200][gc,marking    ] GC(5) Concurrent Mark (19,534s, 19,911s) 376,715ms
[2023-05-21T16:39:29.632+0200][gc,start      ] GC(5) Pause Remark
[2023-05-21T16:39:29.655+0200][gc,stringtable] GC(5) Cleaned string and symbol table, strings: 14401 processed, 13 removed, symbols: 84828 processed, 15 removed
[2023-05-21T16:39:29.656+0200][gc,mmu        ] GC(5) MMU target violated: 21,0ms (20,0ms/21,0ms)
[2023-05-21T16:39:29.656+0200][gc            ] GC(5) Pause Remark 145M->145M(1024M) 24,092ms
[2023-05-21T16:39:29.656+0200][gc,cpu        ] GC(5) User=0,02s Sys=0,00s Real=0,03s
[2023-05-21T16:39:29.657+0200][gc,marking    ] GC(5) Concurrent Rebuild Remembered Sets
[2023-05-21T16:39:29.813+0200][gc,marking    ] GC(5) Concurrent Rebuild Remembered Sets 155,766ms
[2023-05-21T16:39:29.813+0200][gc,start      ] GC(5) Pause Cleanup
[2023-05-21T16:39:29.814+0200][gc            ] GC(5) Pause Cleanup 146M->146M(1024M) 0,753ms
[2023-05-21T16:39:29.814+0200][gc,cpu        ] GC(5) User=0,00s Sys=0,00s Real=0,00s
[2023-05-21T16:39:29.818+0200][gc,marking    ] GC(5) Concurrent Cleanup for Next Mark
[2023-05-21T16:39:29.871+0200][gc,marking    ] GC(5) Concurrent Cleanup for Next Mark 52,738ms
[2023-05-21T16:39:29.871+0200][gc            ] GC(5) Concurrent Cycle 667,526ms
[2023-05-21T16:58:58.154+0200][gc,heap,exit  ] Heap
[2023-05-21T16:58:58.154+0200][gc,heap,exit  ]  garbage-first heap   total 1048576K, used 172104K [0x00000000c0000000, 0x0000000100000000)
[2023-05-21T16:58:58.154+0200][gc,heap,exit  ]   region size 1024K, 28 young (28672K), 1 survivors (1024K)
[2023-05-21T16:58:58.154+0200][gc,heap,exit  ]  Metaspace       used 37121K, capacity 38824K, committed 39116K, reserved 1083392K
[2023-05-21T16:58:58.154+0200][gc,heap,exit  ]   class space    used 4549K, capacity 5339K, committed 5376K, reserved 1048576K
