[2023-05-21T15:58:40.677+0200][gc,heap] Heap region size: 1M
[2023-05-21T15:58:40.768+0200][gc     ] Using G1
[2023-05-21T15:58:40.768+0200][gc,heap,coops] Heap address: 0x00000000c0000000, size: 1024 MB, Compressed Oops mode: 32-bit
[2023-05-21T15:58:53.277+0200][gc,start     ] GC(0) Pause Young (Normal) (G1 Evacuation Pause)
[2023-05-21T15:58:53.277+0200][gc,task      ] GC(0) Using 1 workers of 1 for evacuation
[2023-05-21T15:58:53.500+0200][gc,mmu       ] GC(0) MMU target violated: 21,0ms (20,0ms/21,0ms)
[2023-05-21T15:58:53.500+0200][gc,phases    ] GC(0)   Pre Evacuate Collection Set: 0,2ms
[2023-05-21T15:58:53.500+0200][gc,phases    ] GC(0)   Evacuate Collection Set: 180,1ms
[2023-05-21T15:58:53.500+0200][gc,phases    ] GC(0)   Post Evacuate Collection Set: 42,2ms
[2023-05-21T15:58:53.500+0200][gc,phases    ] GC(0)   Other: 0,9ms
[2023-05-21T15:58:53.501+0200][gc,heap      ] GC(0) Eden regions: 51->0(44)
[2023-05-21T15:58:53.501+0200][gc,heap      ] GC(0) Survivor regions: 0->7(7)
[2023-05-21T15:58:53.501+0200][gc,heap      ] GC(0) Old regions: 0->1
[2023-05-21T15:58:53.501+0200][gc,heap      ] GC(0) Humongous regions: 0->0
[2023-05-21T15:58:53.501+0200][gc,metaspace ] GC(0) Metaspace: 16837K(17664K)->16837K(17664K) NonClass: 14808K(15360K)->14808K(15360K) Class: 2028K(2304K)->2028K(2304K)
[2023-05-21T15:58:53.501+0200][gc           ] GC(0) Pause Young (Normal) (G1 Evacuation Pause) 51M->7M(1024M) 223,794ms
[2023-05-21T15:58:53.501+0200][gc,cpu       ] GC(0) User=0,08s Sys=0,02s Real=0,22s
[2023-05-21T15:58:57.225+0200][gc,start     ] GC(1) Pause Young (Concurrent Start) (Metadata GC Threshold)
[2023-05-21T15:58:57.225+0200][gc,task      ] GC(1) Using 1 workers of 1 for evacuation
[2023-05-21T15:58:57.400+0200][gc,mmu       ] GC(1) MMU target violated: 21,0ms (20,0ms/21,0ms)
[2023-05-21T15:58:57.400+0200][gc,phases    ] GC(1)   Pre Evacuate Collection Set: 0,2ms
[2023-05-21T15:58:57.400+0200][gc,phases    ] GC(1)   Evacuate Collection Set: 142,2ms
[2023-05-21T15:58:57.400+0200][gc,phases    ] GC(1)   Post Evacuate Collection Set: 32,2ms
[2023-05-21T15:58:57.400+0200][gc,phases    ] GC(1)   Other: 0,9ms
[2023-05-21T15:58:57.400+0200][gc,heap      ] GC(1) Eden regions: 17->0(50)
[2023-05-21T15:58:57.400+0200][gc,heap      ] GC(1) Survivor regions: 7->1(7)
[2023-05-21T15:58:57.400+0200][gc,heap      ] GC(1) Old regions: 1->8
[2023-05-21T15:58:57.400+0200][gc,heap      ] GC(1) Humongous regions: 0->0
[2023-05-21T15:58:57.400+0200][gc,metaspace ] GC(1) Metaspace: 20519K(21248K)->20519K(21248K) NonClass: 18035K(18432K)->18035K(18432K) Class: 2484K(2816K)->2484K(2816K)
[2023-05-21T15:58:57.400+0200][gc           ] GC(1) Pause Young (Concurrent Start) (Metadata GC Threshold) 23M->8M(1024M) 175,742ms
[2023-05-21T15:58:57.400+0200][gc,cpu       ] GC(1) User=0,05s Sys=0,00s Real=0,17s
[2023-05-21T15:58:57.401+0200][gc           ] GC(2) Concurrent Cycle
[2023-05-21T15:58:57.401+0200][gc,marking   ] GC(2) Concurrent Clear Claimed Marks
[2023-05-21T15:58:57.401+0200][gc,marking   ] GC(2) Concurrent Clear Claimed Marks 0,151ms
[2023-05-21T15:58:57.401+0200][gc,marking   ] GC(2) Concurrent Scan Root Regions
[2023-05-21T15:58:57.433+0200][gc,marking   ] GC(2) Concurrent Scan Root Regions 31,620ms
[2023-05-21T15:58:57.433+0200][gc,marking   ] GC(2) Concurrent Mark (16,794s)
[2023-05-21T15:58:57.433+0200][gc,marking   ] GC(2) Concurrent Mark From Roots
[2023-05-21T15:58:57.433+0200][gc,task      ] GC(2) Using 1 workers of 1 for marking
[2023-05-21T15:58:57.603+0200][gc,marking   ] GC(2) Concurrent Mark From Roots 170,064ms
[2023-05-21T15:58:57.603+0200][gc,marking   ] GC(2) Concurrent Preclean
[2023-05-21T15:58:57.603+0200][gc,marking   ] GC(2) Concurrent Preclean 0,421ms
[2023-05-21T15:58:57.603+0200][gc,marking   ] GC(2) Concurrent Mark (16,794s, 16,964s) 170,671ms
[2023-05-21T15:58:57.639+0200][gc,start     ] GC(2) Pause Remark
[2023-05-21T15:58:57.672+0200][gc,stringtable] GC(2) Cleaned string and symbol table, strings: 9074 processed, 14 removed, symbols: 52969 processed, 44 removed
[2023-05-21T15:58:57.683+0200][gc,mmu        ] GC(2) MMU target violated: 21,0ms (20,0ms/21,0ms)
[2023-05-21T15:58:57.684+0200][gc            ] GC(2) Pause Remark 8M->8M(1024M) 44,488ms
[2023-05-21T15:58:57.684+0200][gc,cpu        ] GC(2) User=0,02s Sys=0,00s Real=0,05s
[2023-05-21T15:58:57.694+0200][gc,marking    ] GC(2) Concurrent Rebuild Remembered Sets
[2023-05-21T15:58:57.830+0200][gc,marking    ] GC(2) Concurrent Rebuild Remembered Sets 136,696ms
[2023-05-21T15:58:57.831+0200][gc,start      ] GC(2) Pause Cleanup
[2023-05-21T15:58:57.832+0200][gc            ] GC(2) Pause Cleanup 9M->9M(1024M) 0,774ms
[2023-05-21T15:58:57.832+0200][gc,cpu        ] GC(2) User=0,00s Sys=0,00s Real=0,00s
[2023-05-21T15:58:57.832+0200][gc,marking    ] GC(2) Concurrent Cleanup for Next Mark
[2023-05-21T15:58:57.898+0200][gc,marking    ] GC(2) Concurrent Cleanup for Next Mark 66,562ms
[2023-05-21T15:58:57.898+0200][gc            ] GC(2) Concurrent Cycle 497,825ms
[2023-05-21T15:59:12.819+0200][gc,start      ] GC(3) Pause Young (Normal) (G1 Evacuation Pause)
[2023-05-21T15:59:12.819+0200][gc,task       ] GC(3) Using 1 workers of 1 for evacuation
[2023-05-21T15:59:13.100+0200][gc,mmu        ] GC(3) MMU target violated: 21,0ms (20,0ms/21,0ms)
[2023-05-21T15:59:13.100+0200][gc,phases     ] GC(3)   Pre Evacuate Collection Set: 0,2ms
[2023-05-21T15:59:13.100+0200][gc,phases     ] GC(3)   Evacuate Collection Set: 278,6ms
[2023-05-21T15:59:13.100+0200][gc,phases     ] GC(3)   Post Evacuate Collection Set: 1,1ms
[2023-05-21T15:59:13.100+0200][gc,phases     ] GC(3)   Other: 0,7ms
[2023-05-21T15:59:13.100+0200][gc,heap       ] GC(3) Eden regions: 50->0(45)
[2023-05-21T15:59:13.100+0200][gc,heap       ] GC(3) Survivor regions: 1->6(7)
[2023-05-21T15:59:13.100+0200][gc,heap       ] GC(3) Old regions: 8->8
[2023-05-21T15:59:13.100+0200][gc,heap       ] GC(3) Humongous regions: 129->129
[2023-05-21T15:59:13.100+0200][gc,metaspace  ] GC(3) Metaspace: 31763K(33152K)->31763K(33152K) NonClass: 28077K(28928K)->28077K(28928K) Class: 3685K(4224K)->3685K(4224K)
[2023-05-21T15:59:13.100+0200][gc            ] GC(3) Pause Young (Normal) (G1 Evacuation Pause) 187M->141M(1024M) 280,874ms
[2023-05-21T15:59:13.100+0200][gc,cpu        ] GC(3) User=0,06s Sys=0,00s Real=0,28s
[2023-05-21T15:59:14.924+0200][gc,start      ] GC(4) Pause Young (Concurrent Start) (GCLocker Initiated GC)
[2023-05-21T15:59:14.924+0200][gc,task       ] GC(4) Using 1 workers of 1 for evacuation
[2023-05-21T15:59:15.145+0200][gc,mmu        ] GC(4) MMU target violated: 21,0ms (20,0ms/21,0ms)
[2023-05-21T15:59:15.145+0200][gc,phases     ] GC(4)   Pre Evacuate Collection Set: 0,4ms
[2023-05-21T15:59:15.145+0200][gc,phases     ] GC(4)   Evacuate Collection Set: 219,5ms
[2023-05-21T15:59:15.145+0200][gc,phases     ] GC(4)   Post Evacuate Collection Set: 0,8ms
[2023-05-21T15:59:15.146+0200][gc,phases     ] GC(4)   Other: 0,8ms
[2023-05-21T15:59:15.146+0200][gc,heap       ] GC(4) Eden regions: 11->0(50)
[2023-05-21T15:59:15.146+0200][gc,heap       ] GC(4) Survivor regions: 6->1(7)
[2023-05-21T15:59:15.146+0200][gc,heap       ] GC(4) Old regions: 8->13
[2023-05-21T15:59:15.146+0200][gc,heap       ] GC(4) Humongous regions: 129->129
[2023-05-21T15:59:15.146+0200][gc,metaspace  ] GC(4) Metaspace: 34139K(35968K)->34139K(35968K) NonClass: 30131K(31232K)->30131K(31232K) Class: 4007K(4736K)->4007K(4736K)
[2023-05-21T15:59:15.146+0200][gc            ] GC(4) Pause Young (Concurrent Start) (GCLocker Initiated GC) 152M->142M(1024M) 221,900ms
[2023-05-21T15:59:15.146+0200][gc,cpu        ] GC(4) User=0,08s Sys=0,00s Real=0,22s
[2023-05-21T15:59:15.146+0200][gc            ] GC(5) Concurrent Cycle
[2023-05-21T15:59:15.146+0200][gc,marking    ] GC(5) Concurrent Clear Claimed Marks
[2023-05-21T15:59:15.146+0200][gc,marking    ] GC(5) Concurrent Clear Claimed Marks 0,283ms
[2023-05-21T15:59:15.146+0200][gc,marking    ] GC(5) Concurrent Scan Root Regions
[2023-05-21T15:59:15.178+0200][gc,marking    ] GC(5) Concurrent Scan Root Regions 31,453ms
[2023-05-21T15:59:15.178+0200][gc,marking    ] GC(5) Concurrent Mark (34,539s)
[2023-05-21T15:59:15.178+0200][gc,marking    ] GC(5) Concurrent Mark From Roots
[2023-05-21T15:59:15.178+0200][gc,task       ] GC(5) Using 1 workers of 1 for marking
[2023-05-21T15:59:15.523+0200][gc,marking    ] GC(5) Concurrent Mark From Roots 344,491ms
[2023-05-21T15:59:15.523+0200][gc,marking    ] GC(5) Concurrent Preclean
[2023-05-21T15:59:15.523+0200][gc,marking    ] GC(5) Concurrent Preclean 0,265ms
[2023-05-21T15:59:15.523+0200][gc,marking    ] GC(5) Concurrent Mark (34,539s, 34,884s) 345,039ms
[2023-05-21T15:59:15.662+0200][gc,start      ] GC(5) Pause Remark
[2023-05-21T15:59:15.708+0200][gc,stringtable] GC(5) Cleaned string and symbol table, strings: 14363 processed, 0 removed, symbols: 84377 processed, 16 removed
[2023-05-21T15:59:15.709+0200][gc,mmu        ] GC(5) MMU target violated: 21,0ms (20,0ms/21,0ms)
[2023-05-21T15:59:15.709+0200][gc            ] GC(5) Pause Remark 145M->145M(1024M) 46,991ms
[2023-05-21T15:59:15.709+0200][gc,cpu        ] GC(5) User=0,03s Sys=0,00s Real=0,05s
[2023-05-21T15:59:15.710+0200][gc,marking    ] GC(5) Concurrent Rebuild Remembered Sets
[2023-05-21T15:59:16.040+0200][gc,marking    ] GC(5) Concurrent Rebuild Remembered Sets 330,267ms
[2023-05-21T15:59:16.100+0200][gc,start      ] GC(5) Pause Cleanup
[2023-05-21T15:59:16.100+0200][gc            ] GC(5) Pause Cleanup 146M->146M(1024M) 0,691ms
[2023-05-21T15:59:16.100+0200][gc,cpu        ] GC(5) User=0,00s Sys=0,00s Real=0,00s
[2023-05-21T15:59:16.101+0200][gc,marking    ] GC(5) Concurrent Cleanup for Next Mark
[2023-05-21T15:59:16.155+0200][gc,marking    ] GC(5) Concurrent Cleanup for Next Mark 53,990ms
[2023-05-21T15:59:16.155+0200][gc            ] GC(5) Concurrent Cycle 1008,675ms
[2023-05-21T16:11:29.195+0200][gc,heap,exit  ] Heap
[2023-05-21T16:11:29.195+0200][gc,heap,exit  ]  garbage-first heap   total 1048576K, used 168241K [0x00000000c0000000, 0x0000000100000000)
[2023-05-21T16:11:29.195+0200][gc,heap,exit  ]   region size 1024K, 25 young (25600K), 1 survivors (1024K)
[2023-05-21T16:11:29.195+0200][gc,heap,exit  ]  Metaspace       used 37158K, capacity 38834K, committed 38912K, reserved 1083392K
[2023-05-21T16:11:29.195+0200][gc,heap,exit  ]   class space    used 4552K, capacity 5342K, committed 5376K, reserved 1048576K
